// Jest Snapshot v1, https://goo.gl/fbAQLP

exports[`renders correctly 1`] = `
<RCTScrollView
  style={
    Object {
      "backgroundColor": "white",
      "flex": 1,
      "paddingBottom": 30,
      "paddingHorizontal": 10,
      "paddingTop": 10,
    }
  }
>
  <View>
    <View>
      <Text
        accessible={true}
        allowFontScaling={true}
        ellipsizeMode="tail"
        style={
          Object {
            "fontSize": 32,
            "fontWeight": "bold",
            "paddingLeft": 5,
            "paddingRight": 5,
            "paddingVertical": 10,
          }
        }
      >
        Terms of Service 
      </Text>
      <Text
        accessible={true}
        allowFontScaling={true}
        ellipsizeMode="tail"
        style={
          Object {
            "fontSize": 14,
            "paddingLeft": 5,
            "paddingRight": 5,
          }
        }
      >
        Last Updated: July 19, 2018 
        

      </Text>
      <Text
        accessible={true}
        allowFontScaling={true}
        ellipsizeMode="tail"
        style={
          Object {
            "fontSize": 14,
            "paddingLeft": 5,
            "paddingRight": 5,
          }
        }
      >
        <Text
          accessible={true}
          allowFontScaling={true}
          ellipsizeMode="tail"
          style={
            Object {
              "fontSize": 14,
              "paddingLeft": 5,
              "paddingRight": 5,
            }
          }
        >
          Please read these Terms of Service ("Terms", "Terms of Service") carefully before using the 
          <Text
            accessible={true}
            allowFontScaling={true}
            ellipsizeMode="tail"
            onPress={[Function]}
            style={
              Array [
                Object {
                  "fontSize": 14,
                  "paddingLeft": 5,
                  "paddingRight": 5,
                },
                undefined,
              ]
            }
          >
            slugmarket.com
          </Text>
           website (the "Service") operated by Slug Market ("us", "we", or "our"). 
        </Text>
        

      </Text>
      <Text
        accessible={true}
        allowFontScaling={true}
        ellipsizeMode="tail"
        style={
          Object {
            "fontSize": 14,
            "paddingLeft": 5,
            "paddingRight": 5,
          }
        }
      >
        Your access to and use of the Service is conditioned on your acceptance of and compliance with these Terms. 
        

      </Text>
      <Text
        accessible={true}
        allowFontScaling={true}
        ellipsizeMode="tail"
        style={
          Object {
            "fontSize": 14,
            "paddingLeft": 5,
            "paddingRight": 5,
          }
        }
      >
        By accessing or using the Service you agree to be bound by these Terms. If you disagree with any part of the terms then you may not access the Service. This Terms of Service agreement for Slug Market is
        <Text
          accessible={true}
          allowFontScaling={true}
          ellipsizeMode="tail"
          style={
            Object {
              "color": "blue",
              "fontSize": 14,
              "paddingLeft": 5,
              "paddingRight": 5,
            }
          }
        >
           
          <Text
            accessible={true}
            allowFontScaling={true}
            ellipsizeMode="tail"
            style={
              Object {
                "color": "blue",
                "fontSize": 14,
                "paddingLeft": 5,
                "paddingRight": 5,
              }
            }
          >
            "
            <Text
              accessible={true}
              allowFontScaling={true}
              ellipsizeMode="tail"
              onPress={[Function]}
              style={
                Array [
                  Object {
                    "color": "blue",
                    "fontSize": 14,
                    "paddingLeft": 5,
                    "paddingRight": 5,
                  },
                  undefined,
                ]
              }
            >
              https://termsfeed.com/terms-conditions/generator/
            </Text>
            "
          </Text>
           
        </Text>
        based on the Terms and Conditions from TermsFeed. 
        

      </Text>
      <Text
        accessible={true}
        allowFontScaling={true}
        ellipsizeMode="tail"
        style={
          Object {
            "fontSize": 28,
            "fontWeight": "bold",
            "paddingLeft": 5,
            "paddingRight": 5,
            "paddingVertical": 10,
          }
        }
      >
        Accounts 
      </Text>
      <Text
        accessible={true}
        allowFontScaling={true}
        ellipsizeMode="tail"
        style={
          Object {
            "fontSize": 14,
            "paddingLeft": 5,
            "paddingRight": 5,
          }
        }
      >
        When you create an account with us, you must provide us information that is accurate, complete, and current at all times. Failure to do so constitutes a breach of the Terms, which may result in immediate termination of your account on our Service.
        

      </Text>
      <Text
        accessible={true}
        allowFontScaling={true}
        ellipsizeMode="tail"
        style={
          Object {
            "fontSize": 14,
            "paddingLeft": 5,
            "paddingRight": 5,
          }
        }
      >
        You are responsible for safeguarding the password that you use to access the Service and for any activities or actions under your password, whether your password is with our Service or a third-party service.
        

      </Text>
      <Text
        accessible={true}
        allowFontScaling={true}
        ellipsizeMode="tail"
        style={
          Object {
            "fontSize": 14,
            "paddingLeft": 5,
            "paddingRight": 5,
          }
        }
      >
        You agree not to disclose your password to any third party. You must notify us immediately upon becoming aware of any breach of security or unauthorized use of your account. 
        

      </Text>
      <Text
        accessible={true}
        allowFontScaling={true}
        ellipsizeMode="tail"
        style={
          Object {
            "fontSize": 14,
            "paddingLeft": 5,
            "paddingRight": 5,
          }
        }
      >
        Our Service may contain links to third-party web sites or services that are not owned or controlled by Slug Market. 
        

      </Text>
      <Text
        accessible={true}
        allowFontScaling={true}
        ellipsizeMode="tail"
        style={
          Object {
            "fontSize": 14,
            "paddingLeft": 5,
            "paddingRight": 5,
          }
        }
      >
        Slug Market has no control over, and assumes no responsibility for, the content, privacy policies, or practices of any third party web sites or services. You further acknowledge and agree that Slug Market shall not be responsible or liable, directly or indirectly, for any damage or loss caused or alleged to be caused by or in connection with use of or reliance on any such content, goods or services available on or through any such web sites or services.
         
        

      </Text>
      <Text
        accessible={true}
        allowFontScaling={true}
        ellipsizeMode="tail"
      >
        We strongly advise you to read the terms and conditions and privacy policies of any third-party web sites or services that you visit.
         
        

      </Text>
      <Text
        accessible={true}
        allowFontScaling={true}
        ellipsizeMode="tail"
        style={
          Object {
            "fontSize": 28,
            "fontWeight": "bold",
            "paddingLeft": 5,
            "paddingRight": 5,
            "paddingVertical": 10,
          }
        }
      >
        Termination 
      </Text>
      <Text
        accessible={true}
        allowFontScaling={true}
        ellipsizeMode="tail"
        style={
          Object {
            "fontSize": 14,
            "paddingLeft": 5,
            "paddingRight": 5,
          }
        }
      >
        We may terminate or suspend access to our Service immediately, without prior notice or liability, for any reason whatsoever, including without limitation if you breach the Terms. 
        

      </Text>
      <Text
        accessible={true}
        allowFontScaling={true}
        ellipsizeMode="tail"
        style={
          Object {
            "fontSize": 14,
            "paddingLeft": 5,
            "paddingRight": 5,
          }
        }
      >
        All provisions of the Terms which by their nature should survive termination shall survive termination, including, without limitation, ownership provisions, warranty disclaimers, indemnity and limitations of liability.
        

      </Text>
      <Text
        accessible={true}
        allowFontScaling={true}
        ellipsizeMode="tail"
        style={
          Object {
            "fontSize": 14,
            "paddingLeft": 5,
            "paddingRight": 5,
          }
        }
      >
        We may terminate or suspend your account immediately, without prior notice or liability, for any reason whatsoever, including without limitation if you breach the Terms. 
        

      </Text>
      <Text
        accessible={true}
        allowFontScaling={true}
        ellipsizeMode="tail"
        style={
          Object {
            "fontSize": 14,
            "paddingLeft": 5,
            "paddingRight": 5,
          }
        }
      >
        Upon termination, your right to use the Service will immediately cease. If you wish to terminate your account, you may simply discontinue using the Service. 
        

      </Text>
      <Text
        accessible={true}
        allowFontScaling={true}
        ellipsizeMode="tail"
        style={
          Object {
            "fontSize": 14,
            "paddingLeft": 5,
            "paddingRight": 5,
          }
        }
      >
        All provisions of the Terms which by their nature should survive termination shall survive termination, including, without limitation, ownership provisions, warranty disclaimers, indemnity and limitations of liability. 
        

      </Text>
      <Text
        accessible={true}
        allowFontScaling={true}
        ellipsizeMode="tail"
        style={
          Object {
            "fontSize": 28,
            "fontWeight": "bold",
            "paddingLeft": 5,
            "paddingRight": 5,
            "paddingVertical": 10,
          }
        }
      >
        Governing Law 
      </Text>
      <Text
        accessible={true}
        allowFontScaling={true}
        ellipsizeMode="tail"
        style={
          Object {
            "fontSize": 14,
            "paddingLeft": 5,
            "paddingRight": 5,
          }
        }
      >
        These Terms shall be governed and construed in accordance with the laws of California, United States, without regard to its conflict of law provisions. 
        

      </Text>
      <Text
        accessible={true}
        allowFontScaling={true}
        ellipsizeMode="tail"
        style={
          Object {
            "fontSize": 14,
            "paddingLeft": 5,
            "paddingRight": 5,
          }
        }
      >
        Our failure to enforce any right or provision of these Terms will not be considered a waiver of those rights. If any provision of these Terms is held to be invalid or unenforceable by a court, the remaining provisions of these Terms will remain in effect. These Terms constitute the entire agreement between us regarding our Service, and supersede and replace any prior agreements we might have between us regarding the Service. 
        

      </Text>
      <Text
        accessible={true}
        allowFontScaling={true}
        ellipsizeMode="tail"
        style={
          Object {
            "fontSize": 28,
            "fontWeight": "bold",
            "paddingLeft": 5,
            "paddingRight": 5,
            "paddingVertical": 10,
          }
        }
      >
        Changes 
      </Text>
      <Text
        accessible={true}
        allowFontScaling={true}
        ellipsizeMode="tail"
        style={
          Object {
            "fontSize": 14,
            "paddingLeft": 5,
            "paddingRight": 5,
          }
        }
      >
        We reserve the right, at our sole discretion, to modify or replace these Terms at any time. If a revision is material we will try to provide at least 30 days notice prior to any new terms taking effect. What constitutes a material change will be determined at our sole discretion. 
        

      </Text>
      <Text
        accessible={true}
        allowFontScaling={true}
        ellipsizeMode="tail"
        style={
          Object {
            "fontSize": 14,
            "paddingLeft": 5,
            "paddingRight": 5,
          }
        }
      >
        By continuing to access or use our Service after those revisions become effective, you agree to be bound by the revised terms. If you do not agree to the new terms, please stop using the Service. 
        

      </Text>
      <Text
        accessible={true}
        allowFontScaling={true}
        ellipsizeMode="tail"
        style={
          Object {
            "fontSize": 28,
            "fontWeight": "bold",
            "paddingLeft": 5,
            "paddingRight": 5,
            "paddingVertical": 10,
          }
        }
      >
        Contact Us 
      </Text>
      <Text
        accessible={true}
        allowFontScaling={true}
        ellipsizeMode="tail"
        style={
          Object {
            "fontSize": 14,
            "paddingLeft": 5,
            "paddingRight": 5,
          }
        }
      >
        If you have any questions about these Terms, please contact us.
        

      </Text>
    </View>
  </View>
</RCTScrollView>
`;
